Update Failed! Status: 500
Error Data: {"message":"\nInvalid `prisma.user.update()` invocation in\n/Users/truth/.gemini/antigravity/scratch/MCB-Ghana-HRM/server/src/services/user.service.ts:346:43\n\n  343     safeData.rank = getRankFromRole(safeData.role);\n  344 }\n  345 \n→ 346 const updatedUser = await prisma.user.update({\n        where: {\n          id: \"dcd1ea68-df6c-4b0a-9cdf-cd4959cc524e\",\n          organizationId: \"mcb-ghana-tenant\"\n        },\n        data: {\n          fullName: \"Selasi Doe\",\n          role: \"STAFF\",\n          rank: 50,\n          employeeCode: \"MCB-FIN-378\",\n          status: \"ARCHIVED\",\n          position: null,\n          subUnitId: null,\n          jobTitle: \"Accountant\",\n          joinDate: null,\n          employmentType: null,\n          dob: null,\n          gender: null,\n          education: null,\n          nationalId: null,\n          contactNumber: \"+233240000004\",\n          address: null,\n          profilePhoto: null,\n          nextOfKinName: null,\n          nextOfKinRelation: null,\n          nextOfKinContact: null,\n          maritalStatus: null,\n          bloodGroup: null,\n          emergencyContactName: null,\n          emergencyContactPhone: null,\n          certifications: null,\n          avatarUrl: null,\n          salary: null,\n          currency: \"GHS\",\n          bankName: null,\n          bankAccountNumber: null,\n          bankBranch: null,\n          ssnitNumber: null,\n          bankAccountEnc: null,\n          ghanaCardEnc: null,\n          ssnitEnc: null,\n          salaryEnc: null,\n          nationalIdDocUrl: null,\n          leaveBalance: 32.5,\n          leaveAllowance: 30,\n          leaveAccruedAt: \"2026-05-06T02:00:00.017Z\",\n          supervisorId: null,\n          isArchived: true,\n          archivedDate: \"2026-05-07T06:59:39.849Z\",\n          biometricId: null,\n          countryOfOrigin: null,\n          hasManualLeaveOverride: false,\n          lastManualLeaveAdjustmentAt: null,\n          nationality: null,\n          signatureUrl: null,\n          employeeReportingLines: [],\n                                  ~~\n          historyLogs: [],\n          appraisalPackets: [],\n          targetsAssignedToMe: [],\n          email: \"selasi.doe@mcb-ghana.com\",\n          departmentId: null,\n          organizationId: \"mcb-ghana-tenant\"\n        }\n      })\n\nArgument `employeeReportingLines`: Invalid value provided. Expected EmployeeReportingUncheckedUpdateManyWithoutEmployeeNestedInput, provided ()."}
